Microchip MPLAB XC8 Compiler V2.32

Linker command line:

-W-3 --edf=C:\Program Files\Microchip\xc8\v2.32\pic\dat\en_msgs.txt -cn \
  -h+dist/default/production\ProjetoFinal.X.production.sym \
  --cmf=dist/default/production\ProjetoFinal.X.production.cmf -z -Q18F4520 \
  -oC:\Users\Jelmires\AppData\Local\Temp\xcAs9ss.5 --defsym=__MPLAB_BUILD=1 \
  -Mdist/default/production/ProjetoFinal.X.production.map -E1 \
  -ver=XC8 Compiler --acfsm=1493 -ASTACK=0268h-05FFh -pstack=STACK \
  -ACODE=00h-07FFFh -ACONST=00h-07FFFh -ASMALLCONST=0600h-06FFhx122 \
  -AMEDIUMCONST=0600h-07FFFh -ACOMRAM=01h-07Fh -AABS1=00h-05FFh \
  -ABIGRAM=01h-05FFh -ARAM=080h-0FFh,0100h-01FFhx5 -ABANK0=080h-0FFh \
  -ABANK1=0100h-01FFh -ABANK2=0200h-02FFh -ABANK3=0300h-03FFh \
  -ABANK4=0400h-04FFh -ABANK5=0500h-05FFh -ASFR=0F80h-0FFFh \
  -ACONFIG=0300000h-030000Dh -AIDLOC=0200000h-0200007h \
  -AEEDATA=0F00000h-0F000FFh -peeprom_data=EEDATA \
  -preset_vec=00h,intcode,intcodelo,powerup,init -pramtop=0600h \
  -psmallconst=SMALLCONST -pmediumconst=MEDIUMCONST -pconst=CONST \
  -AFARRAM=00h-00h \
  -prdata=COMRAM,nvrram=COMRAM,nvbit=COMRAM,rbss=COMRAM,rbit=COMRAM \
  -pfarbss=FARRAM,fardata=FARRAM,nvFARRAM=FARRAM \
  -pintsave_regs=BIGRAM,bigbss=BIGRAM,bigdata=BIGRAM -pbss=RAM \
  -pidata=CODE,irdata=CODE,ibigdata=CODE,ifardata=CODE -prparam=COMRAM \
  C:\Users\Jelmires\AppData\Local\Temp\xcAs9ss.o \
  dist/default/production\ProjetoFinal.X.production.o 

Object code version is 3.11

Machine type is 18F4520



                Name                               Link     Load   Length Selector   Space Scale
C:\Users\Jelmires\AppData\Local\Temp\xcAs9ss.o
                idloc                            200000   200000        8        0       5
                config                           300000   300000        E        0       4
                init                                  0        0        4        0       0
dist/default/production\ProjetoFinal.X.production.o
                idloc                            200000   200000        8        0       5
                config                           300000   300000        E        0       4
                smallconst                          600      600       1C      300       0
                text28                             14EA     14EA       C4      30E       0
                text27                             1712     1712       B0      30E       0
                text26                             124A     124A      16A      30E       0
                text25                              E36      E36      24E      30E       0
                text24                             1B2A     1B2A       2A      30E       0
                text23                             1B00     1B00       2A      30E       0
                text22                             190C     190C       4E      30E       0
                text21                             13B4     13B4      136      30E       0
                text20                              BE8      BE8      24E      30E       0
                text19                             1A60     1A60       3E      30E       0
                text18                             1A9E     1A9E       32      30E       0
                text17                             1BE8     1BE8        A      30E       0
                text16                             1AD0     1AD0       30      30E       0
                text15                             1BFA     1BFA        2      30E       0
                text14                             19E0     19E0       42      30E       0
                text13                             18B2     18B2       5A      30E       0
                text12                             1BBA     1BBA       1E      30E       0
                text11                             1B54     1B54       26      30E       0
                text10                             15AE     15AE       B4      30E       0
                text9                              195A     195A       44      30E       0
                text8                              1662     1662       B0      30E       0
                text7                              1A22     1A22       3E      30E       0
                text6                              17C2     17C2       88      30E       0
                text5                              1B9C     1B9C       1E      30E       0
                text4                              1B7A     1B7A       22      30E       0
                text3                              1BD8     1BD8       10      30E       0
                text2                              1084     1084      1C6      30E       0
                text1                              1BF2     1BF2        8      30E       0
                text0                               61C      61C      5CC      30E       0
                cstackCOMRAM                          1        1       1C        1       1
                cstackBANK1                         100      100       E2      100       1
                bssBANK2                            200      200       68      200       1
                dataBANK0                            80       80       68       80       1
                bssCOMRAM                            1D       1D        C        1       1
                cinit                              199E     199E       42      30E       0
                idataBANK0                         184A     184A       68      30E       0

TOTAL           Name                               Link     Load   Length     Space
        CLASS   STACK          

        CLASS   CODE           
                init                                  0        0        4         0
                text28                             14EA     14EA       C4         0
                text27                             1712     1712       B0         0
                text26                             124A     124A      16A         0
                text25                              E36      E36      24E         0
                text24                             1B2A     1B2A       2A         0
                text23                             1B00     1B00       2A         0
                text22                             190C     190C       4E         0
                text21                             13B4     13B4      136         0
                text20                              BE8      BE8      24E         0
                text19                             1A60     1A60       3E         0
                text18                             1A9E     1A9E       32         0
                text17                             1BE8     1BE8        A         0
                text16                             1AD0     1AD0       30         0
                text15                             1BFA     1BFA        2         0
                text14                             19E0     19E0       42         0
                text13                             18B2     18B2       5A         0
                text12                             1BBA     1BBA       1E         0
                text11                             1B54     1B54       26         0
                text10                             15AE     15AE       B4         0
                text9                              195A     195A       44         0
                text8                              1662     1662       B0         0
                text7                              1A22     1A22       3E         0
                text6                              17C2     17C2       88         0
                text5                              1B9C     1B9C       1E         0
                text4                              1B7A     1B7A       22         0
                text3                              1BD8     1BD8       10         0
                text2                              1084     1084      1C6         0
                text1                              1BF2     1BF2        8         0
                text0                               61C      61C      5CC         0
                cinit                              199E     199E       42         0
                idataBANK0                         184A     184A       68         0

        CLASS   CONST          

        CLASS   SMALLCONST     
                smallconst                          600      600       1C         0

        CLASS   MEDIUMCONST    

        CLASS   COMRAM         
                cstackCOMRAM                          1        1       1C         1
                bssCOMRAM                            1D       1D        C         1

        CLASS   ABS1           

        CLASS   BIGRAM         

        CLASS   RAM            

        CLASS   BANK0          
                dataBANK0                            80       80       68         1

        CLASS   BANK1          
                cstackBANK1                         100      100       E2         1

        CLASS   BANK2          
                bssBANK2                            200      200       68         1

        CLASS   BANK3          

        CLASS   BANK4          

        CLASS   BANK5          

        CLASS   SFR            

        CLASS   CONFIG         
                config                           300000   300000        E         4

        CLASS   IDLOC          
                idloc                            200000   200000        8         5

        CLASS   EEDATA         

        CLASS   FARRAM         



SEGMENTS        Name                           Load    Length   Top    Selector   Space  Class

                reset_vec                      000000  000004  000004         0       0  CODE    
                cstackCOMRAM                   000001  000028  000029         1       1  COMRAM  
                dataBANK0                      000080  000068  0000E8        80       1  BANK0   
                cstackBANK1                    000100  0000E2  0001E2       100       1  BANK1   
                bssBANK2                       000200  000068  000268       200       1  BANK2   
                smallconst                     000600  00001C  00061C       300       0  SMALLCON
                text0                          00061C  0015E0  001BFC       30E       0  CODE    


UNUSED ADDRESS RANGES

        Name                Unused          Largest block    Delta
        BANK0            0000E8-0000FF               18
        BANK1            0001E2-0001FF               1E
        BANK2            000268-0002FF               98
        BANK3            000300-0003FF              100
        BANK4            000400-0004FF              100
        BANK5            000500-0005FF              100
        BIGRAM           000029-00007F               57
                         0000E8-0000FF               18
                         0001E2-0001FF               1E
                         000268-0005FF              398
        CODE             000004-0005FF              5FC
                         001BFC-007FFF             6404
        COMRAM           000029-00007F               57
        CONST            000004-0005FF              5FC
                         001BFC-007FFF             6404
        EEDATA           F00000-F000FF              100
        MEDIUMCONST      001BFC-007FFF             6404
        RAM              0000E8-0000FF               18
                         0001E2-0001FF               1E
                         000268-0005FF              100
        SFR              000F80-000FFF               80
        SMALLCONST       001BFC-007FFF              100
        STACK            000268-0005FF              398

                                  Symbol Table

?___awdiv                cstackCOMRAM 000001
?___awmod                cstackCOMRAM 000009
?___llmod                cstackCOMRAM 000001
?_digitalRead            cstackCOMRAM 000001
?_kpRead                 cstackCOMRAM 000001
?_sacaCarta              cstackCOMRAM 00000F
_ADCON1                  (abs)        000FC1
_INTCON                  (abs)        000FF2
_PORTA                   (abs)        000F80
_PORTB                   (abs)        000F81
_PORTC                   (abs)        000F82
_PORTD                   (abs)        000F83
_PORTE                   (abs)        000F84
_PulseClockData          text24       001B2A
_PulseEnClock            text23       001B00
_T0CON                   (abs)        000FD5
_TMR0H                   (abs)        000FD7
_TMR0L                   (abs)        000FD6
_TRISA                   (abs)        000F92
_TRISB                   (abs)        000F93
_TRISC                   (abs)        000F94
_TRISD                   (abs)        000F95
_TRISE                   (abs)        000F96
__HRAM                   (abs)        000000
__Habs1                  abs1         000000
__Hbank0                 bank0        000000
__Hbank1                 bank1        000000
__Hbank2                 bank2        000000
__Hbank3                 bank3        000000
__Hbank4                 bank4        000000
__Hbank5                 bank5        000000
__Hbigbss                bigbss       000000
__Hbigdata               bigdata      000000
__Hbigram                bigram       000000
__Hbss                   bss          000000
__HbssBANK2              bssBANK2     000000
__HbssCOMRAM             bssCOMRAM    000000
__Hcinit                 cinit        000000
__Hclrtext               clrtext      000000
__Hcomram                comram       000000
__Hconfig                config       30000E
__Hconst                 const        000000
__HcstackBANK1           cstackBANK1  000000
__HcstackCOMRAM          cstackCOMRAM 000000
__Hdata                  data         000000
__HdataBANK0             dataBANK0    000000
__Heeprom_data           eeprom_data  000000
__Hfarbss                farbss       000000
__Hfardata               fardata      000000
__Hibigdata              ibigdata     000000
__Hidata                 idata        000000
__HidataBANK0            idataBANK0   000000
__Hidloc                 idloc        200008
__Hifardata              ifardata     000000
__Hinit                  init         000004
__Hintcode               intcode      000000
__Hintcode_body          intcode_body 000000
__Hintcodelo             intcodelo    000000
__Hintentry              intentry     000000
__Hintret                intret       000000
__Hintsave_regs          intsave_regs 000000
__Hirdata                irdata       000000
__Hmediumconst           mediumconst  000000
__HnvFARRAM              nvFARRAM     000000
__Hnvbit                 nvbit        000000
__Hnvrram                nvrram       000000
__Hparam                 rparam       000000
__Hpowerup               powerup      000000
__Hram                   ram          000000
__Hramtop                ramtop       000600
__Hrbit                  rbit         000000
__Hrbss                  rbss         000000
__Hrdata                 rdata        000000
__Hreset_vec             reset_vec    000000
__Hrparam                rparam       000000
__Hsfr                   sfr          000000
__Hsmallconst            smallconst   00061C
__Hspace_0               (abs)        001BFC
__Hspace_1               (abs)        000268
__Hspace_2               (abs)        000000
__Hspace_4               (abs)        60000E
__Hstack                 stack        000000
__Hstruct                struct       000000
__Htemp                  temp         000000
__Htext                  text         000000
__Htext0                 text0        000000
__Htext1                 text1        000000
__Htext10                text10       000000
__Htext11                text11       000000
__Htext12                text12       000000
__Htext13                text13       000000
__Htext14                text14       000000
__Htext15                text15       000000
__Htext16                text16       000000
__Htext17                text17       000000
__Htext18                text18       000000
__Htext19                text19       000000
__Htext2                 text2        000000
__Htext20                text20       000000
__Htext21                text21       000000
__Htext22                text22       000000
__Htext23                text23       000000
__Htext24                text24       000000
__Htext25                text25       000000
__Htext26                text26       000000
__Htext27                text27       000000
__Htext28                text28       000000
__Htext3                 text3        000000
__Htext4                 text4        000000
__Htext5                 text5        000000
__Htext6                 text6        000000
__Htext7                 text7        000000
__Htext8                 text8        000000
__Htext9                 text9        000000
__LRAM                   (abs)        000001
__Labs1                  abs1         000000
__Lbank0                 bank0        000000
__Lbank1                 bank1        000000
__Lbank2                 bank2        000000
__Lbank3                 bank3        000000
__Lbank4                 bank4        000000
__Lbank5                 bank5        000000
__Lbigbss                bigbss       000000
__Lbigdata               bigdata      000000
__Lbigram                bigram       000000
__Lbss                   bss          000000
__LbssBANK2              bssBANK2     000000
__LbssCOMRAM             bssCOMRAM    000000
__Lcinit                 cinit        000000
__Lclrtext               clrtext      000000
__Lcomram                comram       000000
__Lconfig                config       000000
__Lconst                 const        000000
__LcstackBANK1           cstackBANK1  000000
__LcstackCOMRAM          cstackCOMRAM 000000
__Ldata                  data         000000
__LdataBANK0             dataBANK0    000000
__Leeprom_data           eeprom_data  000000
__Lfarbss                farbss       000000
__Lfardata               fardata      000000
__Libigdata              ibigdata     000000
__Lidata                 idata        000000
__LidataBANK0            idataBANK0   000000
__Lidloc                 idloc        000000
__Lifardata              ifardata     000000
__Linit                  init         000000
__Lintcode               intcode      000000
__Lintcode_body          intcode_body 000000
__Lintcodelo             intcodelo    000000
__Lintentry              intentry     000000
__Lintret                intret       000000
__Lintsave_regs          intsave_regs 000000
__Lirdata                irdata       000000
__Lmediumconst           mediumconst  000000
__LnvFARRAM              nvFARRAM     000000
__Lnvbit                 nvbit        000000
__Lnvrram                nvrram       000000
__Lparam                 rparam       000000
__Lpowerup               powerup      000000
__Lram                   ram          000000
__Lramtop                ramtop       000600
__Lrbit                  rbit         000000
__Lrbss                  rbss         000000
__Lrdata                 rdata        000000
__Lreset_vec             reset_vec    000000
__Lrparam                rparam       000000
__Lsfr                   sfr          000000
__Lsmallconst            smallconst   000600
__Lspace_0               (abs)        000000
__Lspace_1               (abs)        000000
__Lspace_2               (abs)        000000
__Lspace_4               (abs)        000000
__Lstack                 stack        000000
__Lstruct                struct       000000
__Ltemp                  temp         000000
__Ltext                  text         000000
__Ltext0                 text0        000000
__Ltext1                 text1        000000
__Ltext10                text10       000000
__Ltext11                text11       000000
__Ltext12                text12       000000
__Ltext13                text13       000000
__Ltext14                text14       000000
__Ltext15                text15       000000
__Ltext16                text16       000000
__Ltext17                text17       000000
__Ltext18                text18       000000
__Ltext19                text19       000000
__Ltext2                 text2        000000
__Ltext20                text20       000000
__Ltext21                text21       000000
__Ltext22                text22       000000
__Ltext23                text23       000000
__Ltext24                text24       000000
__Ltext25                text25       000000
__Ltext26                text26       000000
__Ltext27                text27       000000
__Ltext28                text28       000000
__Ltext3                 text3        000000
__Ltext4                 text4        000000
__Ltext5                 text5        000000
__Ltext6                 text6        000000
__Ltext7                 text7        000000
__Ltext8                 text8        000000
__Ltext9                 text9        000000
__S0                     (abs)        001BFC
__S1                     (abs)        000268
__S2                     (abs)        000000
__S4                     (abs)        000000
__S5                     (abs)        000000
___awdiv                 text28       0014EA
___awdiv@counter         cstackCOMRAM 000005
___awdiv@dividend        cstackCOMRAM 000001
___awdiv@divisor         cstackCOMRAM 000003
___awdiv@quotient        cstackCOMRAM 000007
___awdiv@sign            cstackCOMRAM 000006
___awmod                 text27       001712
___awmod@counter         cstackCOMRAM 00000D
___awmod@dividend        cstackCOMRAM 000009
___awmod@divisor         cstackCOMRAM 00000B
___awmod@sign            cstackCOMRAM 00000E
___inthi_sp              stack        000000
___intlo_sp              stack        000000
___llmod                 text6        0017C2
___llmod@counter         cstackCOMRAM 000009
___llmod@dividend        cstackCOMRAM 000001
___llmod@divisor         cstackCOMRAM 000005
___param_bank            (abs)        000000
___rparam_used           (abs)        000001
___sp                    stack        000000
__accesstop              (abs)        000080
__activetblptr           (abs)        000002
__end_of_PulseClockData  text24       001B54
__end_of_PulseEnClock    text23       001B2A
__end_of___awdiv         text28       0015AE
__end_of___awmod         text27       0017C2
__end_of___llmod         text6        00184A
__end_of__initialization cinit        0019D6
__end_of_charKey         smallconst   00061B
__end_of_delayMicro      text15       001BFC
__end_of_delayMili       text16       001B00
__end_of_digitalRead     text26       0013B4
__end_of_digitalWrite    text25       001084
__end_of_kpDebounce      text21       0014EA
__end_of_kpInit          text18       001AD0
__end_of_kpRead          text17       001BF2
__end_of_lcdChar         text5        001BBA
__end_of_lcdCommand      text12       001BD8
__end_of_lcdInit         text10       001662
__end_of_main            text0        000BE8
__end_of_mesaReset       text9        00199E
__end_of_pinMode         text20       000E36
__end_of_pulseEnablePin  text14       001A22
__end_of_pushByte        text13       00190C
__end_of_pushNibble      text11       001B7A
__end_of_rgbColor        text8        001712
__end_of_rgbInit         text7        001A60
__end_of_sacaCarta       text2        00124A
__end_of_soInit          text19       001A9E
__end_of_soWrite         text22       00195A
__end_of_timerInit       text1        001BFA
__end_of_timerReset      text4        001B9C
__end_of_timerWait       text3        001BE8
__end_of_valor           smallconst   000611
__initialization         cinit        00199E
__mediumconst            mediumconst  000000
__pbssBANK2              bssBANK2     000200
__pbssCOMRAM             bssCOMRAM    00001D
__pcinit                 cinit        00199E
__pcstackBANK1           cstackBANK1  000100
__pcstackCOMRAM          cstackCOMRAM 000001
__pdataBANK0             dataBANK0    000080
__pidataBANK0            idataBANK0   00184A
__psmallconst            smallconst   000600
__ptext0                 text0        00061C
__ptext1                 text1        001BF2
__ptext10                text10       0015AE
__ptext11                text11       001B54
__ptext12                text12       001BBA
__ptext13                text13       0018B2
__ptext14                text14       0019E0
__ptext15                text15       001BFA
__ptext16                text16       001AD0
__ptext17                text17       001BE8
__ptext18                text18       001A9E
__ptext19                text19       001A60
__ptext2                 text2        001084
__ptext20                text20       000BE8
__ptext21                text21       0013B4
__ptext22                text22       00190C
__ptext23                text23       001B00
__ptext24                text24       001B2A
__ptext25                text25       000E36
__ptext26                text26       00124A
__ptext27                text27       001712
__ptext28                text28       0014EA
__ptext3                 text3        001BD8
__ptext4                 text4        001B7A
__ptext5                 text5        001B9C
__ptext6                 text6        0017C2
__ptext7                 text7        001A22
__ptext8                 text8        001662
__ptext9                 text9        00195A
__ramtop                 ramtop       000600
__size_of_PulseClockData (abs)        000000
__size_of_PulseEnClock   (abs)        000000
__size_of___awdiv        (abs)        000000
__size_of___awmod        (abs)        000000
__size_of___llmod        (abs)        000000
__size_of_delayMicro     (abs)        000000
__size_of_delayMili      (abs)        000000
__size_of_digitalRead    (abs)        000000
__size_of_digitalWrite   (abs)        000000
__size_of_kpDebounce     (abs)        000000
__size_of_kpInit         (abs)        000000
__size_of_kpRead         (abs)        000000
__size_of_lcdChar        (abs)        000000
__size_of_lcdCommand     (abs)        000000
__size_of_lcdInit        (abs)        000000
__size_of_main           (abs)        000000
__size_of_mesaReset      (abs)        000000
__size_of_pinMode        (abs)        000000
__size_of_pulseEnablePin (abs)        000000
__size_of_pushByte       (abs)        000000
__size_of_pushNibble     (abs)        000000
__size_of_rgbColor       (abs)        000000
__size_of_rgbInit        (abs)        000000
__size_of_sacaCarta      (abs)        000000
__size_of_soInit         (abs)        000000
__size_of_soWrite        (abs)        000000
__size_of_timerInit      (abs)        000000
__size_of_timerReset     (abs)        000000
__size_of_timerWait      (abs)        000000
__smallconst             smallconst   000600
_delayMicro              text15       001BFA
_delayMili               text16       001AD0
_digitalRead             text26       00124A
_digitalWrite            text25       000E36
_display                 bssCOMRAM    000027
_keys                    bssCOMRAM    000021
_kpDebounce              text21       0013B4
_kpInit                  text18       001A9E
_kpRead                  text17       001BE8
_lcdChar                 text5        001B9C
_lcdCommand              text12       001BBA
_lcdInit                 text10       0015AE
_main                    text0        00061C
_mesaReset               text9        00195A
_pinMode                 text20       000BE8
_pulseEnablePin          text14       0019E0
_pushByte                text13       0018B2
_pushNibble              text11       001B54
_rgbColor                text8        001662
_rgbInit                 text7        001A22
_sacaCarta               text2        001084
_soInit                  text19       001A60
_soWrite                 text22       00190C
_timerInit               text1        001BF2
_timerReset              text4        001B7A
_timerWait               text3        001BD8
_v0                      bssCOMRAM    000026
_v1                      bssCOMRAM    000025
_v2                      bssCOMRAM    000024
_v3                      bssCOMRAM    000023
_valor                   smallconst   000601
delayMicro@a             cstackCOMRAM 000001
delayMili@a              cstackCOMRAM 000001
delayMili@i              cstackCOMRAM 000004
digitalRead@pin          cstackCOMRAM 000001
digitalWrite@pin         cstackCOMRAM 000001
digitalWrite@value       cstackCOMRAM 000003
end_of_initialization    cinit        0019D6
intlevel0                text         000000
intlevel1                text         000000
intlevel2                text         000000
intlevel3                text         000000
isa$std                  (abs)        000001
isa$xinst                (abs)        000000
kpDebounce@i             cstackCOMRAM 00000D
kpDebounce@newRead       bssCOMRAM    00001F
kpDebounce@oldRead       bssCOMRAM    00001D
kpDebounce@tempo         bssCOMRAM    000028
lcdChar@value            cstackCOMRAM 00000E
lcdCommand@value         cstackCOMRAM 00000E
main@F2395               dataBANK0    000080
main@aposta              cstackBANK1  0001E0
main@cont                cstackBANK1  0001D0
main@jogando             cstackBANK1  0001DA
main@max                 cstackBANK1  0001DC
main@namesa              cstackBANK1  000168
main@soma                cstackBANK1  0001DE
main@tecla               cstackBANK1  0001D6
main@terminou            cstackBANK1  0001D4
main@valor               cstackBANK1  000100
mesaReset@i              cstackCOMRAM 000003
mesaReset@namesa         cstackCOMRAM 000001
pinMode@pin              cstackCOMRAM 000001
pinMode@type             cstackCOMRAM 000003
pushByte@rs              cstackCOMRAM 00000A
pushByte@value           cstackCOMRAM 00000D
pushNibble@rs            cstackCOMRAM 00000A
pushNibble@value         cstackCOMRAM 00000C
rgbColor@led             cstackCOMRAM 000007
sacaCarta@cont           cstackCOMRAM 000013
sacaCarta@namesa         cstackCOMRAM 000011
sacaCarta@valor          cstackCOMRAM 00000F
soWrite@i                cstackCOMRAM 000009
soWrite@value            cstackCOMRAM 000007
stackhi                  (abs)        0005FF
stacklo                  (abs)        000268
start                    init         000000
start_initialization     cinit        00199E
timerReset@ciclos        cstackCOMRAM 00000C
timerReset@tempo         cstackCOMRAM 00000A


MODULE INFORMATION

Module		Function		Class		Link	Load	Size
C:\Program Files\Microchip\xc8\v2.32\pic\sources\c99\common\awdiv.c
		___awdiv       		CODE           	14EA	0000	196

C:\Program Files\Microchip\xc8\v2.32\pic\sources\c99\common\awdiv.c estimated size: 196

keypad.c
		_kpInit        		CODE           	1A9E	0000	50
		_kpDebounce    		CODE           	13B4	0000	310
		_kpRead        		CODE           	1BE8	0000	10

keypad.c estimated size: 370

so.c
		_soInit        		CODE           	1A60	0000	62
		_soWrite       		CODE           	190C	0000	78
		_PulseEnClock  		CODE           	1B00	0000	42
		_PulseClockData		CODE           	1B2A	0000	42

so.c estimated size: 224

io.c
		_digitalRead   		CODE           	124A	0000	362
		_digitalWrite  		CODE           	0E36	0000	590
		_pinMode       		CODE           	0BE8	0000	590

io.c estimated size: 1542

timer.c
		_timerWait     		CODE           	1BD8	0000	16
		_timerReset    		CODE           	1B7A	0000	34
		_timerInit     		CODE           	1BF2	0000	8

timer.c estimated size: 58

C:\Program Files\Microchip\xc8\v2.32\pic\sources\c99\common\llmod.c
		___llmod       		CODE           	17C2	0000	136

C:\Program Files\Microchip\xc8\v2.32\pic\sources\c99\common\llmod.c estimated size: 136

rgb.c
		_rgbColor      		CODE           	1662	0000	176
		_rgbInit       		CODE           	1A22	0000	62

rgb.c estimated size: 238

shared
		_valor         		SMALLCONST     	0601	0000	16
		_charKey       		SMALLCONST     	0000	0000	0
		__initialization		CODE           	199E	0000	56

shared estimated size: 72

C:\Program Files\Microchip\xc8\v2.32\pic\sources\c99\common\awmod.c
		___awmod       		CODE           	1712	0000	176

C:\Program Files\Microchip\xc8\v2.32\pic\sources\c99\common\awmod.c estimated size: 176

lcd.c
		_lcdCommand    		CODE           	1BBA	0000	30
		_lcdChar       		CODE           	1B9C	0000	30
		_pulseEnablePin		CODE           	19E0	0000	66
		_pushByte      		CODE           	18B2	0000	90
		_pushNibble    		CODE           	1B54	0000	38
		_lcdInit       		CODE           	15AE	0000	180
		_delayMili     		CODE           	1AD0	0000	48
		_delayMicro    		CODE           	1BFA	0000	2

lcd.c estimated size: 484

main.c
		_main          		CODE           	061C	0000	1484
		_sacaCarta     		CODE           	1084	0000	454
		_mesaReset     		CODE           	195A	0000	68

main.c estimated size: 2006

